// Jest Snapshot v1, https://goo.gl/fbAQLP

exports[`App components mounted successfully 1`] = `
<div
  className="w-100 h-100"
>
  <Router
    history={
      Object {
        "action": "POP",
        "block": [Function],
        "createHref": [Function],
        "go": [Function],
        "goBack": [Function],
        "goForward": [Function],
        "length": 1,
        "listen": [Function],
        "location": Object {
          "hash": "",
          "pathname": "/",
          "search": "",
          "state": undefined,
        },
        "push": [Function],
        "replace": [Function],
      }
    }
  >
    <Switch>
      <_default
        component={[Function]}
        exact={true}
        key="0"
        path="/"
      />
      <Redirect
        push={false}
        to="/"
      />
    </Switch>
  </Router>
</div>
`;
